🎲🎲🎲 EXIT CODE: 0 🎲🎲🎲
🟥🟥🟥 STDERR️️ 🟥🟥🟥️
Execute an rpc call

Usage:
  grpc-cli rpc [command]

Available Commands:
  test.Api    

Flags:
  -h, --help   help for rpc

Global Flags:
      --ca-cert string      Root CA you want to use. Use system by default
      --cert string         Client certificate path. (PEM format)
  -c, --config string       Path to the config file (default "~/.config/grpc-cli/config.yaml")
  -d, --descriptor string   Path to the descriptor file
      --disable-tls         Enable verbose
      --key string          Client key path. (PEM format)
  -m, --metadata test       Metadata to attache to the request
  -p, --profile string      Config profile to load (default "default")
  -t, --target string       The grpc connection target
  -v, --verbose             Enable verbose

Use "grpc-cli rpc [command] --help" for more information about a command.
